// Jest Snapshot v1, https://goo.gl/fbAQLP

exports[`matches snapshot 1`] = `
<input
  checked="user"
  className="form-check-input"
  onChange={[Function]}
  type="checkbox"
  value="user_id"
/>
`;
